// Jest Snapshot v1, https://goo.gl/fbAQLP

exports[`renders correctly 1`] = `
<UserCard__UserCardWrapper>
  <Layout__RowCenter>
    <UserCard__CoverColor
      color="#A93F55"
    >
      <Layout__RowCenter>
        <UserCard__ImageWrapper>
          <UserCard__ImageContainer
            src="https://randomuser.me/api/portraits/women/45.jpg"
          />
        </UserCard__ImageWrapper>
      </Layout__RowCenter>
    </UserCard__CoverColor>
  </Layout__RowCenter>
  <UserCard__BottomHalf>
    <Layout__VerticalSpacer
      size="small"
    />
    <Layout__RowCenter>
      <Layout__ColumnCenter>
        <Typography__H3>
          Angela
           
          Castro
        </Typography__H3>
        <Layout__VerticalSpacer
          size="small"
        />
        <Typography__Paragraph>
          <Typography__Span
            bold={true}
          >
            Email: 
          </Typography__Span>
           
          angela.castro@example.com
        </Typography__Paragraph>
        <Typography__Paragraph>
          <Typography__Span
            bold={true}
          >
            Street: 
          </Typography__Span>
           
          <Typography__Span>
            8267
             
            Grove Road
          </Typography__Span>
        </Typography__Paragraph>
        <Typography__Paragraph>
          <Typography__Span
            bold={true}
          >
            City: 
          </Typography__Span>
           
          Stevenage
        </Typography__Paragraph>
        <Typography__Paragraph>
          <Typography__Span
            bold={true}
          >
            State: 
          </Typography__Span>
           
          Durham
        </Typography__Paragraph>
        <Typography__Paragraph>
          <Typography__Span
            bold={true}
          >
            Postcode: 
          </Typography__Span>
           
          BD18 8JD
        </Typography__Paragraph>
      </Layout__ColumnCenter>
    </Layout__RowCenter>
  </UserCard__BottomHalf>
</UserCard__UserCardWrapper>
`;
